<?xml version='1.0' encoding='utf-8'?>
<metadata xmlns="http://linux.duke.edu/metadata/common" xmlns:rpm="http://linux.duke.edu/metadata/rpm" packages="2">
  <package type="rpm">
    <name>dhcp-dev</name>
    <arch>x86_64</arch>
    <version epoch="0" ver="4.3.3" rel="10" />
    <checksum type="sha256" pkgid="YES">68aa84af88f89fc89bdaf7f3f0cc47c5775a56461dea624dcb7f4aec708ad89e</checksum>
    <summary>dev components for the dhcp package.</summary>
    <description>dev components for the dhcp package.</description>
    <packager>Koji</packager>
    <url>https://ftp.isc.org/isc/dhcp/4.3.3-P1/dhcp-4.3.3-P1.tar.gz</url>
    <time file="1717163107" build="1470667413" />
    <size package="19768" installed="69557" archive="71560" />
    <location href="dhcp-dev-4.3.3-10.x86_64.rpm" />
    <format>
      <rpm:license>ISC</rpm:license>
      <rpm:vendor>Koji</rpm:vendor>
      <rpm:group>Development</rpm:group>
      <rpm:buildhost>kojibuild03</rpm:buildhost>
      <rpm:sourcerpm>dhcp-4.3.3-10.src.rpm</rpm:sourcerpm>
      <rpm:header-range start="4392" end="7612" />
      <rpm:provides>
        <rpm:entry name="dhcp-dev" flags="EQ" epoch="0" ver="4.3.3" rel="10" />
        <rpm:entry name="dhcp-dev(x86-64)" flags="EQ" epoch="0" ver="4.3.3" rel="10" />
        <rpm:entry name="dhcp-devel" />
      </rpm:provides>
      <rpm:requires>
        <rpm:entry name="dhcp-bin" />
        <rpm:entry name="dhcp-lib" />
      </rpm:requires>
    </format>
  </package>
  <package type="rpm">
    <name>sudo-setuid</name>
    <arch>x86_64</arch>
    <version epoch="0" ver="1.8.17p1" rel="34" />
    <checksum type="sha256" pkgid="YES">9268854320030a2b27654325b585ff85551386d8d11ba68336bbf982d80ce201</checksum>
    <summary>setuid components for the sudo package.</summary>
    <description>setuid components for the sudo package.</description>
    <packager>Koji</packager>
    <url>http://www.sudo.ws/dist/sudo-1.8.17p1.tar.gz</url>
    <time file="1717163107" build="1466775784" />
    <size package="56464" installed="130280" archive="130532" />
    <location href="sudo-setuid-1.8.17p1-34.x86_64.rpm" />
    <format>
      <rpm:license>ISC MIT-Opengroup</rpm:license>
      <rpm:vendor>Koji</rpm:vendor>
      <rpm:group>Default</rpm:group>
      <rpm:buildhost>kojibuild03</rpm:buildhost>
      <rpm:sourcerpm>sudo-1.8.17p1-34.src.rpm</rpm:sourcerpm>
      <rpm:header-range start="4392" end="6924" />
      <rpm:provides>
        <rpm:entry name="sudo-setuid" flags="EQ" epoch="0" ver="1.8.17p1" rel="34" />
        <rpm:entry name="sudo-setuid(x86-64)" flags="EQ" epoch="0" ver="1.8.17p1" rel="34" />
      </rpm:provides>
      <rpm:requires>
        <rpm:entry name="libsudo_util.so.0()(64bit)" />
        <rpm:entry name="libutil.so.1()(64bit)" />
        <rpm:entry name="libutil.so.1(GLIBC_2.2.5)(64bit)" />
        <rpm:entry name="libc.so.6(GLIBC_2.14)(64bit)" />
      </rpm:requires>
    </format>
    <file>/usr/bin/sudo</file>
  </package>
</metadata>