{"name":"zsm","origin":"sysutils/zsm","version":"0.4.0","comment":"ZFS Snapshot Manager","maintainer":"mattias.lindvall@gmail.com","www":"https://zsm.rtfd.io/","abi":"FreeBSD:13:*","arch":"freebsd:13:*","prefix":"/usr/local","flatsize":42813,"licenselogic":"single","licenses":["BSD2CLAUSE"],"desc":"A console program that manages ZFS snapshots.\n\n- Manage multiple sets of rolling snapshots.\n- Configure a custom schedule via the config file.\n- Run in background by adding it to crontab.","deps":{"py39-click":{"origin":"devel/py-click","version":"8.1.7"},"py39-marshmallow":{"origin":"devel/py-marshmallow","version":"3.20.1"},"py39-pid":{"origin":"devel/py-pid","version":"3.0.4"},"py39-setuptools":{"origin":"devel/py-setuptools","version":"63.1.0_1"},"py39-yaml":{"origin":"devel/py-yaml","version":"6.0.1"},"python39":{"origin":"lang/python39","version":"3.9.18"}},"categories":["sysutils","python"],"annotations":{"build_timestamp":"2024-02-18T06:03:55+0000","ports_top_git_hash":"b3e528239","ports_top_checkout_unclean":"no","port_git_hash":"756e18783","port_checkout_unclean":"no","built_by":"poudriere-git-3.4.1"}}
