{"name":"gnustep-app","origin":"x11/gnustep-app","version":"2.0.0_20","comment":"Metaport for GNUstep applications","maintainer":"ports@FreeBSD.org","www":"UNKNOWN","abi":"FreeBSD:13:*","arch":"freebsd:13:*","prefix":"/usr/local","flatsize":243,"licenselogic":"single","licenses":["NA"],"desc":"Collection of GNUstep software.","deps":{"aclock":{"origin":"x11-clocks/aclock","version":"0.4.0_10"},"addresses":{"origin":"mail/addresses","version":"0.4.8_9"},"addresses-goodies":{"origin":"mail/addresses-goodies","version":"0.4.8_10"},"affiche":{"origin":"deskutils/affiche","version":"0.6.0_12"},"appwrapper":{"origin":"deskutils/appwrapper","version":"0.1_12"},"batmon":{"origin":"sysutils/batmon","version":"0.8_6"},"biococoa":{"origin":"biology/biococoa","version":"2.2.2_8"},"camerakit":{"origin":"graphics/camerakit","version":"0.0.1_15"},"cartotheque":{"origin":"deskutils/cartotheque","version":"0.1_12"},"cddb-bundle":{"origin":"audio/cddb-bundle","version":"0.2_12"},"cenon":{"origin":"graphics/cenon","version":"4.0.2_6,1"},"duncan":{"origin":"textproc/duncan","version":"0.4_1"},"easydiff":{"origin":"textproc/easydiff","version":"0.4.0_10"},"edenmath":{"origin":"math/edenmath","version":"1.1.1_12"},"expense":{"origin":"finance/expense","version":"0.1_12"},"fortunate":{"origin":"games/fortunate","version":"3.1_11"},"fortytwo":{"origin":"graphics/fortytwo","version":"0.2.0_13"},"fortytwo-bdb":{"origin":"databases/fortytwo-bdb","version":"0.2.1_12"},"fortytwo-encore":{"origin":"devel/fortytwo-encore","version":"0.3.1_10"},"gmastermind":{"origin":"games/gmastermind","version":"0.6_9"},"gmines":{"origin":"games/gmines","version":"0.2_9"},"gnumail":{"origin":"mail/gnumail","version":"1.4.0_1"},"gnustep-back":{"origin":"x11-toolkits/gnustep-back","version":"0.28.0_3"},"gnustep-base":{"origin":"lang/gnustep-base","version":"1.29.0_1"},"gnustep-cdplayer":{"origin":"audio/gnustep-cdplayer","version":"0.5.1_10"},"gnustep-ftp":{"origin":"ftp/gnustep-ftp","version":"0.6_2"},"gnustep-gui":{"origin":"x11-toolkits/gnustep-gui","version":"0.28.0_8"},"gnustep-ladder":{"origin":"games/gnustep-ladder","version":"1.0_11"},"gnustep-preview":{"origin":"graphics/preview","version":"0.8.5_12"},"gnustep-sudoku":{"origin":"games/gnustep-sudoku","version":"0.7_9"},"gnustep-wrapper":{"origin":"deskutils/gnustep-wrapper","version":"0.1.0_11"},"gorm":{"origin":"devel/gorm","version":"1.2.23_5"},"grubik":{"origin":"games/grubik","version":"0.1_11"},"gscheme":{"origin":"lang/gscheme","version":"0.6_10"},"gshisen":{"origin":"games/gshisen","version":"1.3.0_9"},"gskrab":{"origin":"x11/gskrab","version":"0.0.1_12"},"gspdf":{"origin":"print/gspdf","version":"0.5_12"},"gtamsanalyzer":{"origin":"science/gtamsanalyzer","version":"0.42_12"},"gworkspace":{"origin":"deskutils/gworkspace","version":"1.0.0_1"},"gworkspace-gwmetadata":{"origin":"deskutils/gworkspace-gwmetadata","version":"1.0.0_1"},"helpviewer":{"origin":"deskutils/helpviewer","version":"0.3_12"},"highlighterkit":{"origin":"devel/highlighterkit","version":"0.1_11"},"imageviewer":{"origin":"graphics/imageviewer","version":"0.6.3_12"},"innerspace":{"origin":"x11/innerspace","version":"0.2.0_11"},"ja-jishyo":{"origin":"japanese/jishyo","version":"0.1_13"},"jigsaw":{"origin":"games/jigsaw","version":"0.8_9"},"lapispuzzle":{"origin":"games/lapispuzzle","version":"1.2_9"},"laternamagica":{"origin":"graphics/laternamagica","version":"0.5_5"},"latex-service":{"origin":"textproc/latex-service","version":"0.1_11"},"localize":{"origin":"textproc/localize","version":"0.0.1_12"},"lusernet":{"origin":"news/lusernet","version":"0.4.2_12"},"mpdcon":{"origin":"audio/mpdcon","version":"1.5.1_12"},"nextgo":{"origin":"games/nextgo","version":"3.0_11"},"paje":{"origin":"science/paje","version":"1.97_12"},"pantomime":{"origin":"mail/pantomime","version":"1.4.0"},"pikopixel":{"origin":"graphics/pikopixel","version":"1.0.b10_2,1"},"pixen":{"origin":"graphics/pixen","version":"0.1_11"},"plopfolio":{"origin":"deskutils/plopfolio","version":"0.1.0_12"},"poe":{"origin":"multimedia/poe","version":"0.5.1_15"},"price":{"origin":"graphics/price","version":"1.3.0_8"},"remotedesk":{"origin":"net/remotedesk","version":"0.1_11"},"simpleagenda":{"origin":"deskutils/simpleagenda","version":"0.43_13"},"systempreferences":{"origin":"deskutils/systempreferences","version":"1.2.0_9"},"terminal.app":{"origin":"x11/terminal.app","version":"0.9.9_5"},"timemon":{"origin":"sysutils/timemon","version":"4.2_6"},"toolboxkit":{"origin":"deskutils/toolboxkit","version":"0.8_11"},"waiho":{"origin":"ftp/waiho","version":"0.2_12"},"wizardkit":{"origin":"devel/wizardkit","version":"0.1_11"},"zillion":{"origin":"net/zillion","version":"0.1_13"},"zipper":{"origin":"archivers/zipper","version":"1.5_9"}},"categories":["x11","gnustep"],"annotations":{"build_timestamp":"2024-02-17T12:24:10+0000","ports_top_git_hash":"b3e528239","ports_top_checkout_unclean":"no","port_git_hash":"756e18783","port_checkout_unclean":"no","built_by":"poudriere-git-3.4.1"},"messages":[{"message":"===>   NOTICE:\n\nThe gnustep-app port currently does not have a maintainer. As a result, it is\nmore likely to have unresolved issues, not be up-to-date, or even be removed in\nthe future. To volunteer to maintain this port, please create an issue at:\n\nhttps://bugs.freebsd.org/bugzilla\n\nMore information about port maintainership is available at:\n\nhttps://docs.freebsd.org/en/articles/contributing/#ports-contributing"}]}
{"name":"zsm","origin":"sysutils/zsm","version":"0.4.0","comment":"ZFS Snapshot Manager","maintainer":"mattias.lindvall@gmail.com","www":"https://zsm.rtfd.io/","abi":"FreeBSD:13:*","arch":"freebsd:13:*","prefix":"/usr/local","flatsize":42813,"licenselogic":"single","licenses":["BSD2CLAUSE"],"desc":"A console program that manages ZFS snapshots.\n\n- Manage multiple sets of rolling snapshots.\n- Configure a custom schedule via the config file.\n- Run in background by adding it to crontab.","deps":{"py39-click":{"origin":"devel/py-click","version":"8.1.7"},"py39-marshmallow":{"origin":"devel/py-marshmallow","version":"3.20.1"},"py39-pid":{"origin":"devel/py-pid","version":"3.0.4"},"py39-setuptools":{"origin":"devel/py-setuptools","version":"63.1.0_1"},"py39-yaml":{"origin":"devel/py-yaml","version":"6.0.1"},"python39":{"origin":"lang/python39","version":"3.9.18"}},"categories":["sysutils","python"],"annotations":{"build_timestamp":"2024-02-18T06:03:55+0000","ports_top_git_hash":"b3e528239","ports_top_checkout_unclean":"no","port_git_hash":"756e18783","port_checkout_unclean":"no","built_by":"poudriere-git-3.4.1"}}
